// Jest Snapshot v1, https://goo.gl/fbAQLP

exports[`a 1`] = `
<body>
  <div>
    <main>
      <p>
        <button
          type="button"
        >
          Connect to Twitch
        </button>
      </p>
    </main>
  </div>
</body>
`;
